date_utc=2026-09-19T04:40:40Z
/Users/terrancehamilton/e1-stage2-B4-s1-2026-09-18/e1_stage1_stage0-B4-s1.ipynb
exit=0
/Users/terrancehamilton/e1-stage2-B4-s1-2026-09-18/e1_stage1_S2-B4-a-r1.ipynb
exit=0
/Users/terrancehamilton/e1-stage2-B4-s1-2026-09-18/e1_stage1_S2-B4-b-r1.ipynb
exit=0
/Users/terrancehamilton/e1-stage2-B4-s1-2026-09-18/e1_stage1_S2-B4-c-r1.ipynb
exit=0
date_utc=2026-09-19T05:29:32Z rep=2
/Users/terrancehamilton/e1-stage2-B4-s1-2026-09-18/e1_stage1_S2-B4-a-r2.ipynb
exit=0
/Users/terrancehamilton/e1-stage2-B4-s1-2026-09-18/e1_stage1_S2-B4-b-r2.ipynb
exit=0
/Users/terrancehamilton/e1-stage2-B4-s1-2026-09-18/e1_stage1_S2-B4-c-r2.ipynb
exit=0
date_utc=2026-09-19T05:43:46Z rep=3
/Users/terrancehamilton/e1-stage2-B4-s1-2026-09-18/e1_stage1_S2-B4-a-r3.ipynb
exit=0
/Users/terrancehamilton/e1-stage2-B4-s1-2026-09-18/e1_stage1_S2-B4-b-r3.ipynb
exit=0
/Users/terrancehamilton/e1-stage2-B4-s1-2026-09-18/e1_stage1_S2-B4-c-r3.ipynb
exit=0
date_utc=2026-09-19T06:02:11Z rep=4
/Users/terrancehamilton/e1-stage2-B4-s1-2026-09-18/e1_stage1_S2-B4-a-r4.ipynb
exit=0
/Users/terrancehamilton/e1-stage2-B4-s1-2026-09-18/e1_stage1_S2-B4-b-r4.ipynb
exit=0
/Users/terrancehamilton/e1-stage2-B4-s1-2026-09-18/e1_stage1_S2-B4-c-r4.ipynb
exit=0
date_utc=2026-09-19T06:25:13Z rep=5
/Users/terrancehamilton/e1-stage2-B4-s1-2026-09-18/e1_stage1_S2-B4-a-r5.ipynb
exit=0
/Users/terrancehamilton/e1-stage2-B4-s1-2026-09-18/e1_stage1_S2-B4-b-r5.ipynb
exit=0
/Users/terrancehamilton/e1-stage2-B4-s1-2026-09-18/e1_stage1_S2-B4-c-r5.ipynb
exit=0
date_utc=2026-09-19T06:54:10Z rep=6
/Users/terrancehamilton/e1-stage2-B4-s1-2026-09-18/e1_stage1_S2-B4-a-r6.ipynb
exit=0
/Users/terrancehamilton/e1-stage2-B4-s1-2026-09-18/e1_stage1_S2-B4-b-r6.ipynb
exit=0
/Users/terrancehamilton/e1-stage2-B4-s1-2026-09-18/e1_stage1_S2-B4-c-r6.ipynb
exit=0
