Simulator identity verified: run_dir=/Users/terrancehamilton/e1-stage2-B4-s1-2026-09-18/e1_server_runs/run_20260919_043924
Recording LIFT_TO_PRESENT for 34.1s at 20 Hz -- fly the route now. This only reads present_position.
Saved 682 samples to /Users/terrancehamilton/reachy-1-2-sim-stage2/runs/route_clearance_LIFT_TO_PRESENT_20260919T054224Z.json
Saved link sidecar to /Users/terrancehamilton/reachy-1-2-sim-stage2/runs/route_clearance_LIFT_TO_PRESENT_20260919T054224Z.link.json
{
  "route": "LIFT_TO_PRESENT",
  "scene": "/Users/terrancehamilton/reachy-1-2-sim-stage2/scenes/e1_boards/B4_pool_box_1_r2c3.yaml",
  "n_samples": 682,
  "realised": {
    "tube": {
      "red_cube": 1.2708846844074404,
      "blue_cylinder": 1.2087350879483025,
      "soda_can": 1.1865296857995276,
      "foam_block": 0.8820914514903146,
      "pool_box_1": -0.03995495041236209,
      "pool_box_2": 1.088926592469305,
      "pool_box_3": 1.0737902165771362,
      "pool_cyl_1": 0.7577912593108287,
      "pool_cyl_2": 0.7188158332054843,
      "pool_cyl_3": 0.7250670747403721
    },
    "shells": {
      "red_cube": 1.331884998727816,
      "blue_cylinder": 1.3176750363598082,
      "soda_can": 1.299848475336466,
      "foam_block": 0.9524090992366867,
      "pool_box_1": 0.06257323855847681,
      "pool_box_2": 1.1970583017877883,
      "pool_box_3": 1.186103489722784,
      "pool_cyl_1": 0.8261369464270598,
      "pool_cyl_2": 0.7884925186349893,
      "pool_cyl_3": 0.7891610992143768
    }
  },
  "realised_aperture_assumed_samples": [],
  "realised_aperture_source": "measured per-sample r_gripper.present_position, validated; see realised_aperture_assumed_samples for any indices that instead used the safe wide-open assumption under allow_missing_aperture",
  "planned": {
    "tube": {
      "red_cube": 1.2726757904479509,
      "blue_cylinder": 1.210463497167953,
      "soda_can": 1.1881171345708417,
      "foam_block": 0.88095411830474,
      "pool_box_1": -0.037188941687036584,
      "pool_box_2": 1.090310850821304,
      "pool_box_3": 1.0749772450451227,
      "pool_cyl_1": 0.756784199026922,
      "pool_cyl_2": 0.7173710081253459,
      "pool_cyl_3": 0.7232146417241443
    },
    "shells": {
      "red_cube": 1.3337600288366345,
      "blue_cylinder": 1.3193305411459646,
      "soda_can": 1.3014451595346461,
      "foam_block": 0.9519968333330618,
      "pool_box_1": 0.06460770395070042,
      "pool_box_2": 1.1987796655466867,
      "pool_box_3": 1.1873300109814875,
      "pool_cyl_1": 0.8278533380183508,
      "pool_cyl_2": 0.7877499831738577,
      "pool_cyl_3": 0.7879078443412554
    }
  },
  "planned_aperture_policy": "per FOOTPRINT_LEGS leg, the worst-case (largest-hand_radius) of that leg's two commanded ENDPOINT apertures, applied to every interpolated sample along the leg -- not a per-sample commanded value"
}
recorder exit=0
