Simulator identity verified: run_dir=/Users/terrancehamilton/e1-stage2-B4-s1-2026-09-18/e1_server_runs/run_20260919_043924
Recording LOWER_TO_REST for 37.4s at 20 Hz -- fly the route now. This only reads present_position.
Saved 748 samples to /Users/terrancehamilton/reachy-1-2-sim-stage2/runs/route_clearance_LOWER_TO_REST_20260919T053307Z.json
Saved link sidecar to /Users/terrancehamilton/reachy-1-2-sim-stage2/runs/route_clearance_LOWER_TO_REST_20260919T053307Z.link.json
{
  "route": "LOWER_TO_REST",
  "scene": "/Users/terrancehamilton/reachy-1-2-sim-stage2/scenes/e1_boards/B4_pool_box_1_r2c3.yaml",
  "n_samples": 748,
  "realised": {
    "tube": {
      "red_cube": 1.2726446870862294,
      "blue_cylinder": 1.2104943018401741,
      "soda_can": 1.18825291718611,
      "foam_block": 0.8822328245349806,
      "pool_box_1": -0.037720837105859564,
      "pool_box_2": 1.0904803774418257,
      "pool_box_3": 1.0752754593250597,
      "pool_cyl_1": 0.7580291372167673,
      "pool_cyl_2": 0.7187372516633278,
      "pool_cyl_3": 0.7246405833521704
    },
    "shells": {
      "red_cube": 1.3329188401210967,
      "blue_cylinder": 1.3186260961440486,
      "soda_can": 1.3009805146728652,
      "foam_block": 0.9503381830481915,
      "pool_box_1": 0.06391102757140801,
      "pool_box_2": 1.1980165939262937,
      "pool_box_3": 1.1870147178804884,
      "pool_cyl_1": 0.8259526246412503,
      "pool_cyl_2": 0.7866388579895525,
      "pool_cyl_3": 0.7872577053898924
    }
  },
  "realised_aperture_assumed_samples": [],
  "realised_aperture_source": "measured per-sample r_gripper.present_position, validated; see realised_aperture_assumed_samples for any indices that instead used the safe wide-open assumption under allow_missing_aperture",
  "planned": {
    "tube": {
      "red_cube": 1.2726757904479509,
      "blue_cylinder": 1.210463497167953,
      "soda_can": 1.1881171345708417,
      "foam_block": 0.88095411830474,
      "pool_box_1": -0.037188941687036584,
      "pool_box_2": 1.090310850821304,
      "pool_box_3": 1.0749772450451227,
      "pool_cyl_1": 0.756784199026922,
      "pool_cyl_2": 0.7173710081253459,
      "pool_cyl_3": 0.7232146417241443
    },
    "shells": {
      "red_cube": 1.3337600288366345,
      "blue_cylinder": 1.3193305411459646,
      "soda_can": 1.3014451595346461,
      "foam_block": 0.9519968333330618,
      "pool_box_1": 0.06460770395070042,
      "pool_box_2": 1.1987796655466867,
      "pool_box_3": 1.1873300109814875,
      "pool_cyl_1": 0.8278533380183508,
      "pool_cyl_2": 0.7877499831738577,
      "pool_cyl_3": 0.7879078443412554
    }
  },
  "planned_aperture_policy": "per FOOTPRINT_LEGS leg, the worst-case (largest-hand_radius) of that leg's two commanded ENDPOINT apertures, applied to every interpolated sample along the leg -- not a per-sample commanded value"
}
recorder exit=0
