Simulator identity verified: run_dir=/Users/terrancehamilton/e1-stage2-B4-s1-2026-09-18/e1_server_runs/run_20260919_043924
Recording LIFT_TO_PRESENT for 34.1s at 20 Hz -- fly the route now. This only reads present_position.
Saved 682 samples to /Users/terrancehamilton/reachy-1-2-sim-stage2/runs/route_clearance_LIFT_TO_PRESENT_20260919T060021Z.json
Saved link sidecar to /Users/terrancehamilton/reachy-1-2-sim-stage2/runs/route_clearance_LIFT_TO_PRESENT_20260919T060021Z.link.json
{
  "route": "LIFT_TO_PRESENT",
  "scene": "/Users/terrancehamilton/reachy-1-2-sim-stage2/scenes/e1_boards/B4_pool_box_1_r2c3.yaml",
  "n_samples": 682,
  "realised": {
    "tube": {
      "red_cube": 1.2727088046202655,
      "blue_cylinder": 1.2105734382454152,
      "soda_can": 1.188327469940316,
      "foam_block": 0.8819508194790922,
      "pool_box_1": -0.03738972100605943,
      "pool_box_2": 1.0904379471422303,
      "pool_box_3": 1.0752153080980433,
      "pool_cyl_1": 0.757736691954704,
      "pool_cyl_2": 0.7185099532066014,
      "pool_cyl_3": 0.7243979293999142
    },
    "shells": {
      "red_cube": 1.3330678259976345,
      "blue_cylinder": 1.3187720784235923,
      "soda_can": 1.3012497726759997,
      "foam_block": 0.9522600662615607,
      "pool_box_1": 0.06425075862512748,
      "pool_box_2": 1.1981578413092338,
      "pool_box_3": 1.187111856131764,
      "pool_cyl_1": 0.8270494581237158,
      "pool_cyl_2": 0.7881342454119922,
      "pool_cyl_3": 0.7884647395662343
    }
  },
  "realised_aperture_assumed_samples": [],
  "realised_aperture_source": "measured per-sample r_gripper.present_position, validated; see realised_aperture_assumed_samples for any indices that instead used the safe wide-open assumption under allow_missing_aperture",
  "planned": {
    "tube": {
      "red_cube": 1.2726757904479509,
      "blue_cylinder": 1.210463497167953,
      "soda_can": 1.1881171345708417,
      "foam_block": 0.88095411830474,
      "pool_box_1": -0.037188941687036584,
      "pool_box_2": 1.090310850821304,
      "pool_box_3": 1.0749772450451227,
      "pool_cyl_1": 0.756784199026922,
      "pool_cyl_2": 0.7173710081253459,
      "pool_cyl_3": 0.7232146417241443
    },
    "shells": {
      "red_cube": 1.3337600288366345,
      "blue_cylinder": 1.3193305411459646,
      "soda_can": 1.3014451595346461,
      "foam_block": 0.9519968333330618,
      "pool_box_1": 0.06460770395070042,
      "pool_box_2": 1.1987796655466867,
      "pool_box_3": 1.1873300109814875,
      "pool_cyl_1": 0.8278533380183508,
      "pool_cyl_2": 0.7877499831738577,
      "pool_cyl_3": 0.7879078443412554
    }
  },
  "planned_aperture_policy": "per FOOTPRINT_LEGS leg, the worst-case (largest-hand_radius) of that leg's two commanded ENDPOINT apertures, applied to every interpolated sample along the leg -- not a per-sample commanded value"
}
recorder exit=0
