Simulator identity verified: run_dir=/Users/terrancehamilton/e1-stage2-B4-s1-2026-09-18/e1_server_runs/run_20260919_043924
Recording PLACE_ROUTE for 64.1s at 20 Hz -- fly the route now. This only reads present_position.
Saved 1282 samples to /Users/terrancehamilton/reachy-1-2-sim-stage2/runs/route_clearance_PLACE_ROUTE_20260919T061218Z.json
Saved link sidecar to /Users/terrancehamilton/reachy-1-2-sim-stage2/runs/route_clearance_PLACE_ROUTE_20260919T061218Z.link.json
{
  "route": "PLACE_ROUTE",
  "scene": "/Users/terrancehamilton/reachy-1-2-sim-stage2/scenes/e1_boards/B4_pool_box_1_r2c3.yaml",
  "n_samples": 1282,
  "realised": {
    "tube": {
      "red_cube": 1.0928911329123285,
      "blue_cylinder": 1.1248186134377804,
      "soda_can": 1.1877584368963505,
      "foam_block": 0.729996421691463,
      "pool_box_1": -0.03832077525975455,
      "pool_box_2": 0.9633246237470222,
      "pool_box_3": 1.0447266403078632,
      "pool_cyl_1": 0.5568662691052269,
      "pool_cyl_2": 0.6316936633321912,
      "pool_cyl_3": 0.7243889881088578
    },
    "shells": {
      "red_cube": 1.1269891623204236,
      "blue_cylinder": 1.1586334173609263,
      "soda_can": 1.2301190485641,
      "foam_block": 0.7325899964357903,
      "pool_box_1": 0.054671009896567604,
      "pool_box_2": 0.9982503757662932,
      "pool_box_3": 1.079757056583434,
      "pool_cyl_1": 0.5611104362084183,
      "pool_cyl_2": 0.6394610377846963,
      "pool_cyl_3": 0.7614405101719466
    }
  },
  "realised_aperture_assumed_samples": [],
  "realised_aperture_source": "measured per-sample r_gripper.present_position, validated; see realised_aperture_assumed_samples for any indices that instead used the safe wide-open assumption under allow_missing_aperture",
  "planned": {
    "tube": {
      "red_cube": 1.2726757904479509,
      "blue_cylinder": 1.210463497167953,
      "soda_can": 1.1881171345708417,
      "foam_block": 0.88095411830474,
      "pool_box_1": -0.037188941687036584,
      "pool_box_2": 1.090310850821304,
      "pool_box_3": 1.0749772450451227,
      "pool_cyl_1": 0.756784199026922,
      "pool_cyl_2": 0.7173710081253459,
      "pool_cyl_3": 0.7232146417241443
    },
    "shells": {
      "red_cube": 1.3337600288366345,
      "blue_cylinder": 1.3193305411459646,
      "soda_can": 1.3014451595346461,
      "foam_block": 0.9519968333330618,
      "pool_box_1": 0.06256216822660374,
      "pool_box_2": 1.1987796655466867,
      "pool_box_3": 1.1873300109814875,
      "pool_cyl_1": 0.8278533380183508,
      "pool_cyl_2": 0.7877499831738577,
      "pool_cyl_3": 0.7879078443412554
    }
  },
  "planned_aperture_policy": "per FOOTPRINT_LEGS leg, the worst-case (largest-hand_radius) of that leg's two commanded ENDPOINT apertures, applied to every interpolated sample along the leg -- not a per-sample commanded value"
}
recorder exit=0
