Simulator identity verified: run_dir=/Users/terrancehamilton/e1-stage2-B4-s1-2026-09-18/e1_server_runs/run_20260919_043924
Recording LOWER_TO_REST for 37.4s at 20 Hz -- fly the route now. This only reads present_position.
Saved 748 samples to /Users/terrancehamilton/reachy-1-2-sim-stage2/runs/route_clearance_LOWER_TO_REST_20260919T054831Z.json
Saved link sidecar to /Users/terrancehamilton/reachy-1-2-sim-stage2/runs/route_clearance_LOWER_TO_REST_20260919T054831Z.link.json
{
  "route": "LOWER_TO_REST",
  "scene": "/Users/terrancehamilton/reachy-1-2-sim-stage2/scenes/e1_boards/B4_pool_box_1_r2c3.yaml",
  "n_samples": 748,
  "realised": {
    "tube": {
      "red_cube": 1.272861880691814,
      "blue_cylinder": 1.2106505233694185,
      "soda_can": 1.188317054433137,
      "foam_block": 0.8815656381888823,
      "pool_box_1": -0.037484251254392253,
      "pool_box_2": 1.0906059032477495,
      "pool_box_3": 1.0752979282140853,
      "pool_cyl_1": 0.7574167226298225,
      "pool_cyl_2": 0.7180702913566454,
      "pool_cyl_3": 0.7239469507636717
    },
    "shells": {
      "red_cube": 1.3327598686900837,
      "blue_cylinder": 1.3186114032642824,
      "soda_can": 1.3012001844928502,
      "foam_block": 0.9506519908894493,
      "pool_box_1": 0.06412314732767269,
      "pool_box_2": 1.1979080556215738,
      "pool_box_3": 1.1871970231027453,
      "pool_cyl_1": 0.8261989833278396,
      "pool_cyl_2": 0.7868441880661401,
      "pool_cyl_3": 0.787316953593529
    }
  },
  "realised_aperture_assumed_samples": [],
  "realised_aperture_source": "measured per-sample r_gripper.present_position, validated; see realised_aperture_assumed_samples for any indices that instead used the safe wide-open assumption under allow_missing_aperture",
  "planned": {
    "tube": {
      "red_cube": 1.2726757904479509,
      "blue_cylinder": 1.210463497167953,
      "soda_can": 1.1881171345708417,
      "foam_block": 0.88095411830474,
      "pool_box_1": -0.037188941687036584,
      "pool_box_2": 1.090310850821304,
      "pool_box_3": 1.0749772450451227,
      "pool_cyl_1": 0.756784199026922,
      "pool_cyl_2": 0.7173710081253459,
      "pool_cyl_3": 0.7232146417241443
    },
    "shells": {
      "red_cube": 1.3337600288366345,
      "blue_cylinder": 1.3193305411459646,
      "soda_can": 1.3014451595346461,
      "foam_block": 0.9519968333330618,
      "pool_box_1": 0.06460770395070042,
      "pool_box_2": 1.1987796655466867,
      "pool_box_3": 1.1873300109814875,
      "pool_cyl_1": 0.8278533380183508,
      "pool_cyl_2": 0.7877499831738577,
      "pool_cyl_3": 0.7879078443412554
    }
  },
  "planned_aperture_policy": "per FOOTPRINT_LEGS leg, the worst-case (largest-hand_radius) of that leg's two commanded ENDPOINT apertures, applied to every interpolated sample along the leg -- not a per-sample commanded value"
}
recorder exit=0
