done S2-B1-a-r1-flight
done S2-B1-a-r1-parked
done S2-B1-a-r1-setup
done S2-B1-a-r2-flight
done S2-B1-a-r2-parked
done S2-B1-a-r2-setup
done S2-B1-a-r3-flight
done S2-B1-a-r3-parked
done S2-B1-a-r3-setup
done S2-B1-a-r4-flight
done S2-B1-a-r4-parked
done S2-B1-a-r4-setup
done S2-B1-a-r5-flight
done S2-B1-a-r5-parked
done S2-B1-a-r5-setup
done S2-B1-a-r6-flight
done S2-B1-a-r6-parked
done S2-B1-a-r6-setup
done S2-B1-b-r1-flight
done S2-B1-b-r1-parked
done S2-B1-b-r2-flight
done S2-B1-b-r2-parked
done S2-B1-b-r3-flight
done S2-B1-b-r3-parked
done S2-B1-b-r4-flight
done S2-B1-b-r4-parked
done S2-B1-b-r5-flight
done S2-B1-b-r5-parked
done S2-B1-b-r6-flight
done S2-B1-b-r6-parked
done S2-B1-c-r1-flight
done S2-B1-c-r1-parked
done S2-B1-c-r1-setup
done S2-B1-c-r2-flight
done S2-B1-c-r2-parked
done S2-B1-c-r2-setup
done S2-B1-c-r3-flight
done S2-B1-c-r3-parked
done S2-B1-c-r3-setup
done S2-B1-c-r4-flight
done S2-B1-c-r4-parked
done S2-B1-c-r4-setup
done S2-B1-c-r5-flight
done S2-B1-c-r5-parked
done S2-B1-c-r5-setup
done stage0-B1-s1-armon
written /Users/terrancehamilton/e1-stage2-B1-s1-2026-09-19/summaries/clearance_by_link.md
