Simulator identity verified: run_dir=/Users/terrancehamilton/e1-stage2-B1-s1-2026-09-19/e1_server_runs/run_20260919_090342
Recording LOWER_TO_REST for 37.4s at 20 Hz -- fly the route now. This only reads present_position.
Saved 748 samples to /Users/terrancehamilton/reachy-1-2-sim-stage2/runs/route_clearance_LOWER_TO_REST_20260919T094910Z.json
Saved link sidecar to /Users/terrancehamilton/reachy-1-2-sim-stage2/runs/route_clearance_LOWER_TO_REST_20260919T094910Z.link.json
{
  "route": "LOWER_TO_REST",
  "scene": "/Users/terrancehamilton/reachy-1-2-sim-stage2/scenes/e1_boards/B1_evidence.yaml",
  "n_samples": 748,
  "realised": {
    "tube": {
      "red_cube": 1.2718991117774539,
      "blue_cylinder": 1.2097120065082345,
      "soda_can": 0.2953247129173791,
      "foam_block": -0.0583668759596581,
      "pool_box_1": 1.137150572708439,
      "pool_box_2": 1.0897709071154353,
      "pool_box_3": 1.074547465695837,
      "pool_cyl_1": 0.758145090445486,
      "pool_cyl_2": 0.7188455851976423,
      "pool_cyl_3": 0.7247497685385373
    },
    "shells": {
      "red_cube": 1.3326422605672157,
      "blue_cylinder": 1.3183333674125983,
      "soda_can": 0.3355645760787348,
      "foam_block": 0.04662276470452424,
      "pool_box_1": 1.1881592737465192,
      "pool_box_2": 1.1977480546687294,
      "pool_box_3": 1.1862808192287535,
      "pool_cyl_1": 0.8257532345865006,
      "pool_cyl_2": 0.7860502099804371,
      "pool_cyl_3": 0.7867569767632842
    }
  },
  "realised_aperture_assumed_samples": [],
  "realised_aperture_source": "measured per-sample r_gripper.present_position, validated; see realised_aperture_assumed_samples for any indices that instead used the safe wide-open assumption under allow_missing_aperture",
  "planned": {
    "tube": {
      "red_cube": 1.2726757904479509,
      "blue_cylinder": 1.210463497167953,
      "soda_can": 0.29663680735482784,
      "foam_block": -0.05698863376767846,
      "pool_box_1": 1.1377778474261628,
      "pool_box_2": 1.090310850821304,
      "pool_box_3": 1.0749772450451227,
      "pool_cyl_1": 0.756784199026922,
      "pool_cyl_2": 0.7173710081253459,
      "pool_cyl_3": 0.7232146417241443
    },
    "shells": {
      "red_cube": 1.3337600288366345,
      "blue_cylinder": 1.3193305411459646,
      "soda_can": 0.336114981030914,
      "foam_block": 0.04787434327337453,
      "pool_box_1": 1.189308384345165,
      "pool_box_2": 1.1987796655466867,
      "pool_box_3": 1.1873300109814875,
      "pool_cyl_1": 0.8278533380183508,
      "pool_cyl_2": 0.7877499831738577,
      "pool_cyl_3": 0.7879078443412554
    }
  },
  "planned_aperture_policy": "per FOOTPRINT_LEGS leg, the worst-case (largest-hand_radius) of that leg's two commanded ENDPOINT apertures, applied to every interpolated sample along the leg -- not a per-sample commanded value"
}
recorder exit=0
