Simulator identity verified: run_dir=/Users/terrancehamilton/e1-stage2-B1-s1-2026-09-19/e1_server_runs/run_20260919_090342
Recording LOWER_TO_REST for 37.4s at 20 Hz -- fly the route now. This only reads present_position.
Saved 748 samples to /Users/terrancehamilton/reachy-1-2-sim-stage2/runs/route_clearance_LOWER_TO_REST_20260919T093320Z.json
Saved link sidecar to /Users/terrancehamilton/reachy-1-2-sim-stage2/runs/route_clearance_LOWER_TO_REST_20260919T093320Z.link.json
{
  "route": "LOWER_TO_REST",
  "scene": "/Users/terrancehamilton/reachy-1-2-sim-stage2/scenes/e1_boards/B1_evidence.yaml",
  "n_samples": 748,
  "realised": {
    "tube": {
      "red_cube": 1.2706270997377866,
      "blue_cylinder": 1.2083388697020603,
      "soda_can": 0.294369731316374,
      "foam_block": -0.05941244281370232,
      "pool_box_1": 1.1359844253778684,
      "pool_box_2": 1.0884937766171061,
      "pool_box_3": 1.0731940501943016,
      "pool_cyl_1": 0.757515782571283,
      "pool_cyl_2": 0.7181548437872507,
      "pool_cyl_3": 0.7240114394432576
    },
    "shells": {
      "red_cube": 1.3317591303661942,
      "blue_cylinder": 1.3174347816276728,
      "soda_can": 0.33465401397741346,
      "foam_block": 0.044798484611335426,
      "pool_box_1": 1.1873126331350374,
      "pool_box_2": 1.1969015516344916,
      "pool_box_3": 1.1844707726226478,
      "pool_cyl_1": 0.8258253580446826,
      "pool_cyl_2": 0.7868099487743104,
      "pool_cyl_3": 0.7873458603720667
    }
  },
  "realised_aperture_assumed_samples": [],
  "realised_aperture_source": "measured per-sample r_gripper.present_position, validated; see realised_aperture_assumed_samples for any indices that instead used the safe wide-open assumption under allow_missing_aperture",
  "planned": {
    "tube": {
      "red_cube": 1.2726757904479509,
      "blue_cylinder": 1.210463497167953,
      "soda_can": 0.29663680735482784,
      "foam_block": -0.05698863376767846,
      "pool_box_1": 1.1377778474261628,
      "pool_box_2": 1.090310850821304,
      "pool_box_3": 1.0749772450451227,
      "pool_cyl_1": 0.756784199026922,
      "pool_cyl_2": 0.7173710081253459,
      "pool_cyl_3": 0.7232146417241443
    },
    "shells": {
      "red_cube": 1.3337600288366345,
      "blue_cylinder": 1.3193305411459646,
      "soda_can": 0.336114981030914,
      "foam_block": 0.04787434327337453,
      "pool_box_1": 1.189308384345165,
      "pool_box_2": 1.1987796655466867,
      "pool_box_3": 1.1873300109814875,
      "pool_cyl_1": 0.8278533380183508,
      "pool_cyl_2": 0.7877499831738577,
      "pool_cyl_3": 0.7879078443412554
    }
  },
  "planned_aperture_policy": "per FOOTPRINT_LEGS leg, the worst-case (largest-hand_radius) of that leg's two commanded ENDPOINT apertures, applied to every interpolated sample along the leg -- not a per-sample commanded value"
}
recorder exit=0
