Simulator identity verified: run_dir=/Users/terrancehamilton/e1-stage2-B1-s1-2026-09-19/e1_server_runs/run_20260919_090342
Recording RAISE_TO_SIDE for 14.0s at 20 Hz -- fly the route now. This only reads present_position.
Saved 280 samples to /Users/terrancehamilton/reachy-1-2-sim-stage2/runs/route_clearance_RAISE_TO_SIDE_20260919T090518Z.json
Saved link sidecar to /Users/terrancehamilton/reachy-1-2-sim-stage2/runs/route_clearance_RAISE_TO_SIDE_20260919T090518Z.link.json
{
  "route": "RAISE_TO_SIDE",
  "scene": "/Users/terrancehamilton/reachy-1-2-sim-stage2/scenes/e1_boards/B1_evidence.yaml",
  "n_samples": 280,
  "realised": {
    "tube": {
      "red_cube": 0.9495481980044989,
      "blue_cylinder": 0.9829024858924069,
      "soda_can": 0.3739299944561355,
      "foam_block": 0.3618085180537334,
      "pool_box_1": 0.7783765281664661,
      "pool_box_2": 0.8285572539537823,
      "pool_box_3": 0.9158302626538914,
      "pool_cyl_1": 0.5689901750487112,
      "pool_cyl_2": 0.6365701475115216,
      "pool_cyl_3": 0.7453856465380773
    },
    "shells": {
      "red_cube": 1.0702789112283502,
      "blue_cylinder": 1.1027270411609527,
      "soda_can": 0.3739299944561355,
      "foam_block": 0.3618085180537334,
      "pool_box_1": 0.898694057929843,
      "pool_box_2": 0.9476664485023331,
      "pool_box_3": 1.0331099779728024,
      "pool_cyl_1": 0.5873813110985946,
      "pool_cyl_2": 0.6628385290041051,
      "pool_cyl_3": 0.7813751760743107
    }
  },
  "realised_aperture_assumed_samples": [],
  "realised_aperture_source": "measured per-sample r_gripper.present_position, validated; see realised_aperture_assumed_samples for any indices that instead used the safe wide-open assumption under allow_missing_aperture",
  "planned": {
    "tube": {
      "red_cube": 1.2726757904479509,
      "blue_cylinder": 1.210463497167953,
      "soda_can": 0.29663680735482784,
      "foam_block": -0.05698863376767846,
      "pool_box_1": 1.1377778474261628,
      "pool_box_2": 1.090310850821304,
      "pool_box_3": 1.0749772450451227,
      "pool_cyl_1": 0.756784199026922,
      "pool_cyl_2": 0.7173710081253459,
      "pool_cyl_3": 0.7232146417241443
    },
    "shells": {
      "red_cube": 1.3337600288366345,
      "blue_cylinder": 1.3193305411459646,
      "soda_can": 0.33551140931540135,
      "foam_block": 0.04478560796250666,
      "pool_box_1": 1.189308384345165,
      "pool_box_2": 1.1987796655466867,
      "pool_box_3": 1.1873300109814875,
      "pool_cyl_1": 0.8278533380183508,
      "pool_cyl_2": 0.7877499831738577,
      "pool_cyl_3": 0.7879078443412554
    }
  },
  "planned_aperture_policy": "per FOOTPRINT_LEGS leg, the worst-case (largest-hand_radius) of that leg's two commanded ENDPOINT apertures, applied to every interpolated sample along the leg -- not a per-sample commanded value"
}
recorder exit=0
