Simulator identity verified: run_dir=/Users/terrancehamilton/e1-stage2-B1-s1-2026-09-19/e1_server_runs/run_20260919_090342
Recording PLACE_ROUTE for 64.1s at 20 Hz -- fly the route now. This only reads present_position.
Saved 1282 samples to /Users/terrancehamilton/reachy-1-2-sim-stage2/runs/route_clearance_PLACE_ROUTE_20260919T101930Z.json
Saved link sidecar to /Users/terrancehamilton/reachy-1-2-sim-stage2/runs/route_clearance_PLACE_ROUTE_20260919T101930Z.link.json
{
  "route": "PLACE_ROUTE",
  "scene": "/Users/terrancehamilton/reachy-1-2-sim-stage2/scenes/e1_boards/B1_evidence.yaml",
  "n_samples": 1282,
  "realised": {
    "tube": {
      "red_cube": 1.0930666304529801,
      "blue_cylinder": 1.124989133413965,
      "soda_can": 0.2656120579387104,
      "foam_block": -0.05898260225919961,
      "pool_box_1": 0.9171542821451614,
      "pool_box_2": 0.9634892357901702,
      "pool_box_3": 1.0448797809995807,
      "pool_cyl_1": 0.5568479994754911,
      "pool_cyl_2": 0.6316778472086065,
      "pool_cyl_3": 0.7250699955056785
    },
    "shells": {
      "red_cube": 1.1271374066897306,
      "blue_cylinder": 1.1587773160296964,
      "soda_can": 0.3026657308374831,
      "foam_block": 0.038334836267329545,
      "pool_box_1": 0.9519853203986646,
      "pool_box_2": 0.9983884979030097,
      "pool_box_3": 1.079884907071088,
      "pool_cyl_1": 0.5611104362084183,
      "pool_cyl_2": 0.6394610377846963,
      "pool_cyl_3": 0.7614405101719466
    }
  },
  "realised_aperture_assumed_samples": [],
  "realised_aperture_source": "measured per-sample r_gripper.present_position, validated; see realised_aperture_assumed_samples for any indices that instead used the safe wide-open assumption under allow_missing_aperture",
  "planned": {
    "tube": {
      "red_cube": 1.2726757904479509,
      "blue_cylinder": 1.210463497167953,
      "soda_can": 0.29663680735482784,
      "foam_block": -0.05698863376767846,
      "pool_box_1": 1.1377778474261628,
      "pool_box_2": 1.090310850821304,
      "pool_box_3": 1.0749772450451227,
      "pool_cyl_1": 0.756784199026922,
      "pool_cyl_2": 0.7173710081253459,
      "pool_cyl_3": 0.7232146417241443
    },
    "shells": {
      "red_cube": 1.3337600288366345,
      "blue_cylinder": 1.3193305411459646,
      "soda_can": 0.33551140931540135,
      "foam_block": 0.044785545845884,
      "pool_box_1": 1.189308384345165,
      "pool_box_2": 1.1987796655466867,
      "pool_box_3": 1.1873300109814875,
      "pool_cyl_1": 0.8278533380183508,
      "pool_cyl_2": 0.7877499831738577,
      "pool_cyl_3": 0.7879078443412554
    }
  },
  "planned_aperture_policy": "per FOOTPRINT_LEGS leg, the worst-case (largest-hand_radius) of that leg's two commanded ENDPOINT apertures, applied to every interpolated sample along the leg -- not a per-sample commanded value"
}
recorder exit=0
